test	Syntax check (compileall)	´╗┐2026-08-02T18:18:18.6955595Z ##[group]Run python -m compileall -q app.py core routes handlers yggapp tests
test	Syntax check (compileall)	2026-08-02T18:18:18.6956161Z ^[[36;1mpython -m compileall -q app.py core routes handlers yggapp tests^[[0m
test	Syntax check (compileall)	2026-08-02T18:18:18.6999044Z shell: /usr/bin/bash -e {0}
test	Syntax check (compileall)	2026-08-02T18:18:18.6999293Z env:
test	Syntax check (compileall)	2026-08-02T18:18:18.6999556Z   pythonLocation: /opt/hostedtoolcache/Python/3.10.20/x64
test	Syntax check (compileall)	2026-08-02T18:18:18.6999999Z   PKG_CONFIG_PATH: /opt/hostedtoolcache/Python/3.10.20/x64/lib/pkgconfig
test	Syntax check (compileall)	2026-08-02T18:18:18.7000425Z   Python_ROOT_DIR: /opt/hostedtoolcache/Python/3.10.20/x64
test	Syntax check (compileall)	2026-08-02T18:18:18.7000798Z   Python2_ROOT_DIR: /opt/hostedtoolcache/Python/3.10.20/x64
test	Syntax check (compileall)	2026-08-02T18:18:18.7001183Z   Python3_ROOT_DIR: /opt/hostedtoolcache/Python/3.10.20/x64
test	Syntax check (compileall)	2026-08-02T18:18:18.7001563Z   LD_LIBRARY_PATH: /opt/hostedtoolcache/Python/3.10.20/x64/lib
test	Syntax check (compileall)	2026-08-02T18:18:18.7002094Z ##[endgroup]
test	Syntax check (compileall)	2026-08-02T18:18:18.8417995Z *** Error compiling 'tests/test_api_endpoints.py'...
test	Syntax check (compileall)	2026-08-02T18:18:18.8418973Z   File "tests/test_api_endpoints.py", line 39
test	Syntax check (compileall)	2026-08-02T18:18:18.8419785Z     sess\['logged_in'\] = True; sess['role'] = 'admin'
test	Syntax check (compileall)	2026-08-02T18:18:18.8420449Z          ^
test	Syntax check (compileall)	2026-08-02T18:18:18.8421110Z SyntaxError: unexpected character after line continuation character
test	Syntax check (compileall)	2026-08-02T18:18:18.8421638Z 
test	Syntax check (compileall)	2026-08-02T18:18:18.8483709Z ##[error]Process completed with exit code 1.
